// Jest Snapshot v1, https://goo.gl/fbAQLP

exports[`renders correctly 1`] = `
<div
  className="continents"
>
  <label
    htmlFor="category-select"
  >
    <select
      name="category"
      onChange={[Function]}
      placeholder="Category"
      type="text"
      value="Select Continent"
    >
      <option
        value="Africa"
      >
        AFRICA
      </option>
      <option
        value="All"
      >
        ALL
      </option>
      <option
        value="Europe"
      >
        EUROPE
      </option>
      <option
        value="Oceania"
      >
        OCEANIA
      </option>
      <option
        value="Asia"
      >
        ASIA
      </option>
      <option
        value="North America"
      >
        NORTH AMERICA
      </option>
      <option
        value="South America"
      >
        SOUTH AMERICA
      </option>
      <option
        value="Antarctica"
      >
        ANTARCTICA
      </option>
    </select>
  </label>
  <ul
    className="continents_list"
  >
    <li>
      <img
        alt="country"
        src="/images/Africa.svg"
      />
      <h2>
        Africa
      </h2>
      <a
        href="/Africa"
        onClick={[Function]}
      >
        <svg
          fill="currentColor"
          height="1em"
          onClick={[Function]}
          stroke="currentColor"
          strokeWidth="0"
          style={
            Object {
              "color": undefined,
            }
          }
          viewBox="0 0 16 16"
          width="1em"
          xmlns="http://www.w3.org/2000/svg"
        >
          <path
            d="M0 14a2 2 0 0 0 2 2h12a2 2 0 0 0 2-2V2a2 2 0 0 0-2-2H2a2 2 0 0 0-2 2v12zm4.5-6.5h5.793L8.146 5.354a.5.5 0 1 1 .708-.708l3 3a.5.5 0 0 1 0 .708l-3 3a.5.5 0 0 1-.708-.708L10.293 8.5H4.5a.5.5 0 0 1 0-1z"
          />
        </svg>
      </a>
    </li>
    <li>
      <img
        alt="country"
        src="/images/Asia.svg"
      />
      <h2>
        Asia
      </h2>
      <a
        href="/Asia"
        onClick={[Function]}
      >
        <svg
          fill="currentColor"
          height="1em"
          onClick={[Function]}
          stroke="currentColor"
          strokeWidth="0"
          style={
            Object {
              "color": undefined,
            }
          }
          viewBox="0 0 16 16"
          width="1em"
          xmlns="http://www.w3.org/2000/svg"
        >
          <path
            d="M0 14a2 2 0 0 0 2 2h12a2 2 0 0 0 2-2V2a2 2 0 0 0-2-2H2a2 2 0 0 0-2 2v12zm4.5-6.5h5.793L8.146 5.354a.5.5 0 1 1 .708-.708l3 3a.5.5 0 0 1 0 .708l-3 3a.5.5 0 0 1-.708-.708L10.293 8.5H4.5a.5.5 0 0 1 0-1z"
          />
        </svg>
      </a>
    </li>
    <li>
      <img
        alt="country"
        src="/images/Europe.svg"
      />
      <h2>
        Europe
      </h2>
      <a
        href="/Europe"
        onClick={[Function]}
      >
        <svg
          fill="currentColor"
          height="1em"
          onClick={[Function]}
          stroke="currentColor"
          strokeWidth="0"
          style={
            Object {
              "color": undefined,
            }
          }
          viewBox="0 0 16 16"
          width="1em"
          xmlns="http://www.w3.org/2000/svg"
        >
          <path
            d="M0 14a2 2 0 0 0 2 2h12a2 2 0 0 0 2-2V2a2 2 0 0 0-2-2H2a2 2 0 0 0-2 2v12zm4.5-6.5h5.793L8.146 5.354a.5.5 0 1 1 .708-.708l3 3a.5.5 0 0 1 0 .708l-3 3a.5.5 0 0 1-.708-.708L10.293 8.5H4.5a.5.5 0 0 1 0-1z"
          />
        </svg>
      </a>
    </li>
    <li>
      <img
        alt="country"
        src="/images/Oceania.svg"
      />
      <h2>
        Oceania
      </h2>
      <a
        href="/Oceania"
        onClick={[Function]}
      >
        <svg
          fill="currentColor"
          height="1em"
          onClick={[Function]}
          stroke="currentColor"
          strokeWidth="0"
          style={
            Object {
              "color": undefined,
            }
          }
          viewBox="0 0 16 16"
          width="1em"
          xmlns="http://www.w3.org/2000/svg"
        >
          <path
            d="M0 14a2 2 0 0 0 2 2h12a2 2 0 0 0 2-2V2a2 2 0 0 0-2-2H2a2 2 0 0 0-2 2v12zm4.5-6.5h5.793L8.146 5.354a.5.5 0 1 1 .708-.708l3 3a.5.5 0 0 1 0 .708l-3 3a.5.5 0 0 1-.708-.708L10.293 8.5H4.5a.5.5 0 0 1 0-1z"
          />
        </svg>
      </a>
    </li>
    <li>
      <img
        alt="country"
        src="/images/North America.svg"
      />
      <h2>
        North America
      </h2>
      <a
        href="/North America"
        onClick={[Function]}
      >
        <svg
          fill="currentColor"
          height="1em"
          onClick={[Function]}
          stroke="currentColor"
          strokeWidth="0"
          style={
            Object {
              "color": undefined,
            }
          }
          viewBox="0 0 16 16"
          width="1em"
          xmlns="http://www.w3.org/2000/svg"
        >
          <path
            d="M0 14a2 2 0 0 0 2 2h12a2 2 0 0 0 2-2V2a2 2 0 0 0-2-2H2a2 2 0 0 0-2 2v12zm4.5-6.5h5.793L8.146 5.354a.5.5 0 1 1 .708-.708l3 3a.5.5 0 0 1 0 .708l-3 3a.5.5 0 0 1-.708-.708L10.293 8.5H4.5a.5.5 0 0 1 0-1z"
          />
        </svg>
      </a>
    </li>
    <li>
      <img
        alt="country"
        src="/images/South America.svg"
      />
      <h2>
        South America
      </h2>
      <a
        href="/South America"
        onClick={[Function]}
      >
        <svg
          fill="currentColor"
          height="1em"
          onClick={[Function]}
          stroke="currentColor"
          strokeWidth="0"
          style={
            Object {
              "color": undefined,
            }
          }
          viewBox="0 0 16 16"
          width="1em"
          xmlns="http://www.w3.org/2000/svg"
        >
          <path
            d="M0 14a2 2 0 0 0 2 2h12a2 2 0 0 0 2-2V2a2 2 0 0 0-2-2H2a2 2 0 0 0-2 2v12zm4.5-6.5h5.793L8.146 5.354a.5.5 0 1 1 .708-.708l3 3a.5.5 0 0 1 0 .708l-3 3a.5.5 0 0 1-.708-.708L10.293 8.5H4.5a.5.5 0 0 1 0-1z"
          />
        </svg>
      </a>
    </li>
    <li>
      <img
        alt="country"
        src="/images/Antarctica.svg"
      />
      <h2>
        Antarctica
      </h2>
      <a
        href="/Antarctica"
        onClick={[Function]}
      >
        <svg
          fill="currentColor"
          height="1em"
          onClick={[Function]}
          stroke="currentColor"
          strokeWidth="0"
          style={
            Object {
              "color": undefined,
            }
          }
          viewBox="0 0 16 16"
          width="1em"
          xmlns="http://www.w3.org/2000/svg"
        >
          <path
            d="M0 14a2 2 0 0 0 2 2h12a2 2 0 0 0 2-2V2a2 2 0 0 0-2-2H2a2 2 0 0 0-2 2v12zm4.5-6.5h5.793L8.146 5.354a.5.5 0 1 1 .708-.708l3 3a.5.5 0 0 1 0 .708l-3 3a.5.5 0 0 1-.708-.708L10.293 8.5H4.5a.5.5 0 0 1 0-1z"
          />
        </svg>
      </a>
    </li>
  </ul>
</div>
`;
